#name "./testsuite/lexer/eofstring.cool"
#1 ERROR "EOF in string constant"
