#name "./testsuite/lexer/escapedquote.cool"
#1 ERROR "EOF in string constant"
