#name "./testsuite/lexer/escaped_chars_in_comment.cl.cool"
#7 OBJECTID mno
