#name "./testsuite/lexer/escapedeof.cool"
#2 ERROR "EOF in string constant"
