#name "./testsuite/lexer/invalidcharacters.cool"
#1 ERROR "!"
#1 ERROR "#"
#1 ERROR "$"
#1 ERROR "%"
#1 ERROR "^"
#1 ERROR "&"
#1 ERROR "_"
#1 ERROR ">"
#1 ERROR "?"
#1 ERROR "`"
#1 ERROR "["
#1 ERROR "]"
#1 ERROR "\\"
#1 ERROR "|"
