#name "./testsuite/lexer/null_in_string.cl.cool"
#2 ERROR "String contains null character."
