#name "./testsuite/lexer/opencomment.cool"
#4 ERROR "EOF in comment"
