#name "./testsuite/lexer/s31.test.cool"
#2 ERROR "_"
