#name "./testsuite/lexer/s32.test.cool"
#2 ERROR "Unmatched *)"
