#name "./testsuite/lexer/validcharacters.cool"
#1 '+'
#1 '/'
#1 '-'
#1 '*'
#1 '='
#1 '<'
#1 '.'
#1 '~'
#1 ','
#1 ';'
#1 ':'
#1 '('
#1 ')'
#1 '@'
#1 '{'
#1 '}'
