#name "./testsuite/lexer/weirdcharcomment.cool"
#3 OBJECTID test
