#1
_program
  #1
  _class
    Test
    Object
    "./testsuite/parser/assignment.test"
    (
    #1
    _attr
      foo
      Int
      #1
      _no_expr
      : _no_type
    #1
    _method
      bar
      Object
      #1
      _assign
        foo
        #1
        _int
          3
        : _no_type
      : _no_type
    )
