#1
_program
  #1
  _class
    A2I
    Object
    "./testsuite/parser/atoi.test"
    (
    #1
    _method
      c2i
      #1
      _formal
        char
        String
      Int
      #1
      _cond
        #1
        _eq
          #1
          _object
            char
          : _no_type
          #1
          _string
            "0"
          : _no_type
        : _no_type
        #1
        _int
          0
        : _no_type
        #1
        _cond
          #1
          _eq
            #1
            _object
              char
            : _no_type
            #1
            _string
              "1"
            : _no_type
          : _no_type
          #1
          _int
            1
          : _no_type
          #1
          _cond
            #1
            _eq
              #1
              _object
                char
              : _no_type
              #1
              _string
                "2"
              : _no_type
            : _no_type
            #1
            _int
              2
            : _no_type
            #1
            _cond
              #1
              _eq
                #1
                _object
                  char
                : _no_type
                #1
                _string
                  "3"
                : _no_type
              : _no_type
              #1
              _int
                3
              : _no_type
              #1
              _cond
                #1
                _eq
                  #1
                  _object
                    char
                  : _no_type
                  #1
                  _string
                    "4"
                  : _no_type
                : _no_type
                #1
                _int
                  4
                : _no_type
                #1
                _cond
                  #1
                  _eq
                    #1
                    _object
                      char
                    : _no_type
                    #1
                    _string
                      "5"
                    : _no_type
                  : _no_type
                  #1
                  _int
                    5
                  : _no_type
                  #1
                  _cond
                    #1
                    _eq
                      #1
                      _object
                        char
                      : _no_type
                      #1
                      _string
                        "6"
                      : _no_type
                    : _no_type
                    #1
                    _int
                      6
                    : _no_type
                    #1
                    _cond
                      #1
                      _eq
                        #1
                        _object
                          char
                        : _no_type
                        #1
                        _string
                          "7"
                        : _no_type
                      : _no_type
                      #1
                      _int
                        7
                      : _no_type
                      #1
                      _cond
                        #1
                        _eq
                          #1
                          _object
                            char
                          : _no_type
                          #1
                          _string
                            "8"
                          : _no_type
                        : _no_type
                        #1
                        _int
                          8
                        : _no_type
                        #1
                        _cond
                          #1
                          _eq
                            #1
                            _object
                              char
                            : _no_type
                            #1
                            _string
                              "9"
                            : _no_type
                          : _no_type
                          #1
                          _int
                            9
                          : _no_type
                          #1
                          _block
                            #1
                            _dispatch
                              #1
                              _object
                                self
                              : _no_type
                              abort
                              (
                              )
                            : _no_type
                            #1
                            _int
                              0
                            : _no_type
                          : _no_type
                        : _no_type
                      : _no_type
                    : _no_type
                  : _no_type
                : _no_type
              : _no_type
            : _no_type
          : _no_type
        : _no_type
      : _no_type
    #1
    _method
      i2c
      #1
      _formal
        i
        Int
      String
      #1
      _cond
        #1
        _eq
          #1
          _object
            i
          : _no_type
          #1
          _int
            0
          : _no_type
        : _no_type
        #1
        _string
          "0"
        : _no_type
        #1
        _cond
          #1
          _eq
            #1
            _object
              i
            : _no_type
            #1
            _int
              1
            : _no_type
          : _no_type
          #1
          _string
            "1"
          : _no_type
          #1
          _cond
            #1
            _eq
              #1
              _object
                i
              : _no_type
              #1
              _int
                2
              : _no_type
            : _no_type
            #1
            _string
              "2"
            : _no_type
            #1
            _cond
              #1
              _eq
                #1
                _object
                  i
                : _no_type
                #1
                _int
                  3
                : _no_type
              : _no_type
              #1
              _string
                "3"
              : _no_type
              #1
              _cond
                #1
                _eq
                  #1
                  _object
                    i
                  : _no_type
                  #1
                  _int
                    4
                  : _no_type
                : _no_type
                #1
                _string
                  "4"
                : _no_type
                #1
                _cond
                  #1
                  _eq
                    #1
                    _object
                      i
                    : _no_type
                    #1
                    _int
                      5
                    : _no_type
                  : _no_type
                  #1
                  _string
                    "5"
                  : _no_type
                  #1
                  _cond
                    #1
                    _eq
                      #1
                      _object
                        i
                      : _no_type
                      #1
                      _int
                        6
                      : _no_type
                    : _no_type
                    #1
                    _string
                      "6"
                    : _no_type
                    #1
                    _cond
                      #1
                      _eq
                        #1
                        _object
                          i
                        : _no_type
                        #1
                        _int
                          7
                        : _no_type
                      : _no_type
                      #1
                      _string
                        "7"
                      : _no_type
                      #1
                      _cond
                        #1
                        _eq
                          #1
                          _object
                            i
                          : _no_type
                          #1
                          _int
                            8
                          : _no_type
                        : _no_type
                        #1
                        _string
                          "8"
                        : _no_type
                        #1
                        _cond
                          #1
                          _eq
                            #1
                            _object
                              i
                            : _no_type
                            #1
                            _int
                              9
                            : _no_type
                          : _no_type
                          #1
                          _string
                            "9"
                          : _no_type
                          #1
                          _block
                            #1
                            _dispatch
                              #1
                              _object
                                self
                              : _no_type
                              abort
                              (
                              )
                            : _no_type
                            #1
                            _string
                              ""
                            : _no_type
                          : _no_type
                        : _no_type
                      : _no_type
                    : _no_type
                  : _no_type
                : _no_type
              : _no_type
            : _no_type
          : _no_type
        : _no_type
      : _no_type
    #1
    _method
      a2i
      #1
      _formal
        s
        String
      Int
      #1
      _cond
        #1
        _eq
          #1
          _dispatch
            #1
            _object
              s
            : _no_type
            length
            (
            )
          : _no_type
          #1
          _int
            0
          : _no_type
        : _no_type
        #1
        _int
          0
        : _no_type
        #1
        _cond
          #1
          _eq
            #1
            _dispatch
              #1
              _object
                s
              : _no_type
              substr
              (
              #1
              _int
                0
              : _no_type
              #1
              _int
                1
              : _no_type
              )
            : _no_type
            #1
            _string
              "-"
            : _no_type
          : _no_type
          #1
          _neg
            #1
            _dispatch
              #1
              _object
                self
              : _no_type
              a2i_aux
              (
              #1
              _dispatch
                #1
                _object
                  s
                : _no_type
                substr
                (
                #1
                _int
                  1
                : _no_type
                #1
                _sub
                  #1
                  _dispatch
                    #1
                    _object
                      s
                    : _no_type
                    length
                    (
                    )
                  : _no_type
                  #1
                  _int
                    1
                  : _no_type
                : _no_type
                )
              : _no_type
              )
            : _no_type
          : _no_type
          #1
          _cond
            #1
            _eq
              #1
              _dispatch
                #1
                _object
                  s
                : _no_type
                substr
                (
                #1
                _int
                  0
                : _no_type
                #1
                _int
                  1
                : _no_type
                )
              : _no_type
              #1
              _string
                "+"
              : _no_type
            : _no_type
            #1
            _dispatch
              #1
              _object
                self
              : _no_type
              a2i_aux
              (
              #1
              _dispatch
                #1
                _object
                  s
                : _no_type
                substr
                (
                #1
                _int
                  1
                : _no_type
                #1
                _sub
                  #1
                  _dispatch
                    #1
                    _object
                      s
                    : _no_type
                    length
                    (
                    )
                  : _no_type
                  #1
                  _int
                    1
                  : _no_type
                : _no_type
                )
              : _no_type
              )
            : _no_type
            #1
            _dispatch
              #1
              _object
                self
              : _no_type
              a2i_aux
              (
              #1
              _object
                s
              : _no_type
              )
            : _no_type
          : _no_type
        : _no_type
      : _no_type
    #1
    _method
      a2i_aux
      #1
      _formal
        s
        String
      Int
      #1
      _let
        int
        Int
        #1
        _int
          0
        : _no_type
        #1
        _block
          #1
          _let
            j
            Int
            #1
            _dispatch
              #1
              _object
                s
              : _no_type
              length
              (
              )
            : _no_type
            #1
            _let
              i
              Int
              #1
              _int
                0
              : _no_type
              #1
              _loop
                #1
                _lt
                  #1
                  _object
                    i
                  : _no_type
                  #1
                  _object
                    j
                  : _no_type
                : _no_type
                #1
                _block
                  #1
                  _assign
                    int
                    #1
                    _plus
                      #1
                      _mul
                        #1
                        _object
                          int
                        : _no_type
                        #1
                        _int
                          10
                        : _no_type
                      : _no_type
                      #1
                      _dispatch
                        #1
                        _object
                          self
                        : _no_type
                        c2i
                        (
                        #1
                        _dispatch
                          #1
                          _object
                            s
                          : _no_type
                          substr
                          (
                          #1
                          _object
                            i
                          : _no_type
                          #1
                          _int
                            1
                          : _no_type
                          )
                        : _no_type
                        )
                      : _no_type
                    : _no_type
                  : _no_type
                  #1
                  _assign
                    i
                    #1
                    _plus
                      #1
                      _object
                        i
                      : _no_type
                      #1
                      _int
                        1
                      : _no_type
                    : _no_type
                  : _no_type
                : _no_type
              : _no_type
            : _no_type
          : _no_type
          #1
          _object
            int
          : _no_type
        : _no_type
      : _no_type
    #1
    _method
      i2a
      #1
      _formal
        i
        Int
      String
      #1
      _cond
        #1
        _eq
          #1
          _object
            i
          : _no_type
          #1
          _int
            0
          : _no_type
        : _no_type
        #1
        _string
          "0"
        : _no_type
        #1
        _cond
          #1
          _lt
            #1
            _int
              0
            : _no_type
            #1
            _object
              i
            : _no_type
          : _no_type
          #1
          _dispatch
            #1
            _object
              self
            : _no_type
            i2a_aux
            (
            #1
            _object
              i
            : _no_type
            )
          : _no_type
          #1
          _dispatch
            #1
            _string
              "-"
            : _no_type
            concat
            (
            #1
            _dispatch
              #1
              _object
                self
              : _no_type
              i2a_aux
              (
              #1
              _mul
                #1
                _object
                  i
                : _no_type
                #1
                _neg
                  #1
                  _int
                    1
                  : _no_type
                : _no_type
              : _no_type
              )
            : _no_type
            )
          : _no_type
        : _no_type
      : _no_type
    #1
    _method
      i2a_aux
      #1
      _formal
        i
        Int
      String
      #1
      _cond
        #1
        _eq
          #1
          _object
            i
          : _no_type
          #1
          _int
            0
          : _no_type
        : _no_type
        #1
        _string
          ""
        : _no_type
        #1
        _let
          next
          Int
          #1
          _divide
            #1
            _object
              i
            : _no_type
            #1
            _int
              10
            : _no_type
          : _no_type
          #1
          _dispatch
            #1
            _dispatch
              #1
              _object
                self
              : _no_type
              i2a_aux
              (
              #1
              _object
                next
              : _no_type
              )
            : _no_type
            concat
            (
            #1
            _dispatch
              #1
              _object
                self
              : _no_type
              i2c
              (
              #1
              _sub
                #1
                _object
                  i
                : _no_type
                #1
                _mul
                  #1
                  _object
                    next
                  : _no_type
                  #1
                  _int
                    10
                  : _no_type
                : _no_type
              : _no_type
              )
            : _no_type
            )
          : _no_type
        : _no_type
      : _no_type
    )
