"./testsuite/parser/badblock.test", line 4: syntax error at or near TYPEID = A
"./testsuite/parser/badblock.test", line 6: syntax error at or near '+'
Compilation halted due to lex and parse errors
