#1
_program
  #1
  _class
    Test
    Object
    "./testsuite/parser/casemultiplebranch.test"
    (
    #1
    _attr
      foo
      Test
      #1
      _no_expr
      : _no_type
    #1
    _method
      bar
      Int
      #1
      _typcase
        #1
        _dispatch
          #1
          _object
            foo
          : _no_type
          bar
          (
          )
        : _no_type
        #1
        _branch
          y
          Int
          #1
          _int
            3
          : _no_type
        #1
        _branch
          z
          String
          #1
          _int
            4
          : _no_type
        #1
        _branch
          x
          Test
          #1
          _int
            5
          : _no_type
      : _no_type
    )
