"./testsuite/parser/casenoexpr.test", line 7: syntax error at or near OF
"./testsuite/parser/casenoexpr.test", line 9: syntax error at or near DARROW
"./testsuite/parser/casenoexpr.test", line 10: syntax error at or near ESAC
Compilation halted due to lex and parse errors
