#1
_program
  #1
  _class
    Hello
    Object
    "./testsuite/parser/classonefield.test"
    (
    #1
    _attr
      foo
      Int
      #1
      _no_expr
      : _no_type
    )
