#1
_program
  #1
  _class
    Hello
    Object
    "./testsuite/parser/classtwofields.test"
    (
    #1
    _attr
      foo
      Int
      #1
      _no_expr
      : _no_type
    #1
    _attr
      bar
      String
      #1
      _no_expr
      : _no_type
    )
