#1
_program
  #1
  _class
    Hello
    Object
    "./testsuite/parser/classmethodonearg.test"
    (
    #1
    _method
      cow
      #1
      _formal
        a
        Int
      SELF_TYPE
      #1
      _object
        self
      : _no_type
    )
