#1
_program
  #1
  _class
    Foo
    Object
    "./testsuite/parser/compare_expr.cl"
    (
    #1
    _method
      f
      Bool
      #1
      _leq
        #1
        _int
          3
        : _no_type
        #1
        _plus
          #1
          _int
            3
          : _no_type
          #1
          _int
            1
          : _no_type
        : _no_type
      : _no_type
    )
