#1
_program
  #1
  _class
    Main
    IO
    "./testsuite/parser/complex.test"
    (
    #1
    _method
      main
      SELF_TYPE
      #1
      _let
        c
        Complex
        #1
        _dispatch
          #1
          _new
            Complex
          : _no_type
          init
          (
          #1
          _int
            1
          : _no_type
          #1
          _int
            1
          : _no_type
          )
        : _no_type
        #1
        _cond
          #1
          _eq
            #1
            _dispatch
              #1
              _dispatch
                #1
                _object
                  c
                : _no_type
                reflect_X
                (
                )
              : _no_type
              reflect_Y
              (
              )
            : _no_type
            #1
            _dispatch
              #1
              _object
                c
              : _no_type
              reflect_0
              (
              )
            : _no_type
          : _no_type
          #1
          _dispatch
            #1
            _object
              self
            : _no_type
            out_string
            (
            #1
            _string
              "=)\n"
            : _no_type
            )
          : _no_type
          #1
          _dispatch
            #1
            _object
              self
            : _no_type
            out_string
            (
            #1
            _string
              "=(\n"
            : _no_type
            )
          : _no_type
        : _no_type
      : _no_type
    )
  #1
  _class
    Complex
    IO
    "./testsuite/parser/complex.test"
    (
    #1
    _attr
      x
      Int
      #1
      _no_expr
      : _no_type
    #1
    _attr
      y
      Int
      #1
      _no_expr
      : _no_type
    #1
    _method
      init
      #1
      _formal
        a
        Int
      #1
      _formal
        b
        Int
      Complex
      #1
      _block
        #1
        _eq
          #1
          _object
            x
          : _no_type
          #1
          _object
            a
          : _no_type
        : _no_type
        #1
        _eq
          #1
          _object
            y
          : _no_type
          #1
          _object
            b
          : _no_type
        : _no_type
        #1
        _object
          self
        : _no_type
      : _no_type
    #1
    _method
      print
      Object
      #1
      _cond
        #1
        _eq
          #1
          _object
            y
          : _no_type
          #1
          _int
            0
          : _no_type
        : _no_type
        #1
        _dispatch
          #1
          _object
            self
          : _no_type
          out_int
          (
          #1
          _object
            x
          : _no_type
          )
        : _no_type
        #1
        _dispatch
          #1
          _dispatch
            #1
            _dispatch
              #1
              _dispatch
                #1
                _object
                  self
                : _no_type
                out_int
                (
                #1
                _object
                  x
                : _no_type
                )
              : _no_type
              out_string
              (
              #1
              _string
                "+"
              : _no_type
              )
            : _no_type
            out_int
            (
            #1
            _object
              y
            : _no_type
            )
          : _no_type
          out_string
          (
          #1
          _string
            "I"
          : _no_type
          )
        : _no_type
      : _no_type
    #1
    _method
      reflect_0
      Complex
      #1
      _block
        #1
        _eq
          #1
          _object
            x
          : _no_type
          #1
          _neg
            #1
            _object
              x
            : _no_type
          : _no_type
        : _no_type
        #1
        _eq
          #1
          _object
            y
          : _no_type
          #1
          _neg
            #1
            _object
              y
            : _no_type
          : _no_type
        : _no_type
        #1
        _object
          self
        : _no_type
      : _no_type
    #1
    _method
      reflect_X
      Complex
      #1
      _block
        #1
        _eq
          #1
          _object
            y
          : _no_type
          #1
          _neg
            #1
            _object
              y
            : _no_type
          : _no_type
        : _no_type
        #1
        _object
          self
        : _no_type
      : _no_type
    #1
    _method
      reflect_Y
      Complex
      #1
      _block
        #1
        _eq
          #1
          _object
            x
          : _no_type
          #1
          _neg
            #1
            _object
              x
            : _no_type
          : _no_type
        : _no_type
        #1
        _object
          self
        : _no_type
      : _no_type
    )
