#1
_program
  #1
  _class
    Test
    Object
    "./testsuite/parser/comparisons-assoc.test"
    (
    #1
    _attr
      foo
      Test
      #1
      _no_expr
      : _no_type
    #1
    _method
      bar
      Int
      #1
      _block
        #1
        _eq
          #1
          _object
            x
          : _no_type
          #1
          _lt
            #1
            _int
              3
            : _no_type
            #1
            _int
              4
            : _no_type
          : _no_type
        : _no_type
      : _no_type
    )
