#1
_program
  #1
  _class
    Test
    Object
    "./testsuite/parser/dispatchonearg.test"
    (
    #1
    _attr
      foo
      Test
      #1
      _no_expr
      : _no_type
    #1
    _method
      bar
      #1
      _formal
        x
        Baz
      Object
      #1
      _dispatch
        #1
        _object
          foo
        : _no_type
        bar
        (
        #1
        _object
          x
        : _no_type
        )
      : _no_type
    )
