#1
_program
  #1
  _class
    Test
    Object
    "./testsuite/parser/ifnested.test"
    (
    #1
    _attr
      foo
      Test
      #1
      _no_expr
      : _no_type
    #1
    _method
      bar
      Int
      #1
      _cond
        #1
        _eq
          #1
          _object
            x
          : _no_type
          #1
          _int
            3
          : _no_type
        : _no_type
        #1
        _block
          #1
          _cond
            #1
            _lt
              #1
              _object
                x
              : _no_type
              #1
              _int
                2
              : _no_type
            : _no_type
            #1
            _new
              Foo
            : _no_type
            #1
            _isvoid
              #1
              _object
                baz
              : _no_type
            : _no_type
          : _no_type
        : _no_type
        #1
        _bool
          0
        : _no_type
      : _no_type
    )
