#1
_program
  #1
  _class
    Goodbye
    Object
    "./testsuite/parser/letassociativity.test"
    (
    #1
    _method
      help
      #1
      _formal
        a
        Int
      Int
      #1
      _let
        a
        Int
        #1
        _no_expr
        : _no_type
        #1
        _plus
          #1
          _int
            6
          : _no_type
          #1
          _int
            7
          : _no_type
        : _no_type
      : _no_type
    )
