#1
_program
  #1
  _class
    Test
    Object
    "./testsuite/parser/letinitmultiplebindings.test"
    (
    #1
    _attr
      foo
      Test
      #1
      _no_expr
      : _no_type
    #1
    _method
      baz
      String
      #1
      _let
        x
        Int
        #1
        _int
          5
        : _no_type
        #1
        _let
          y
          String
          #1
          _string
            "biddle"
          : _no_type
          #1
          _let
            z
            Int
            #1
            _no_expr
            : _no_type
            #1
            _object
              x
            : _no_type
          : _no_type
        : _no_type
      : _no_type
    )
