#1
_program
  #1
  _class
    Foo
    Object
    "./testsuite/parser/letparens.test"
    (
    #1
    _method
      bar
      Int
      #1
      _block
        #1
        _let
          a
          Int
          #1
          _no_expr
          : _no_type
          #1
          _plus
            #1
            _object
              a
            : _no_type
            #1
            _object
              b
            : _no_type
          : _no_type
        : _no_type
        #1
        _plus
          #1
          _let
            a
            Int
            #1
            _no_expr
            : _no_type
            #1
            _object
              a
            : _no_type
          : _no_type
          #1
          _object
            b
          : _no_type
        : _no_type
        #1
        _let
          a
          Int
          #1
          _no_expr
          : _no_type
          #1
          _plus
            #1
            _object
              a
            : _no_type
            #1
            _object
              b
            : _no_type
          : _no_type
        : _no_type
      : _no_type
    )
