#1
_program
  #1
  _class
    A
    Object
    "./testsuite/parser/multipleatdispatches.test"
    (
    #1
    _method
      f
      Object
      #1
      _block
        #1
        _static_dispatch
          #1
          _object
            e
          : _no_type
          A
          f
          (
          )
        : _no_type
        #1
        _static_dispatch
          #1
          _object
            e1
          : _no_type
          B
          g
          (
          #1
          _int
            1
          : _no_type
          )
        : _no_type
        #1
        _static_dispatch
          #1
          _object
            e2
          : _no_type
          C
          h
          (
          #1
          _int
            1
          : _no_type
          #1
          _int
            2
          : _no_type
          )
        : _no_type
        #1
        _static_dispatch
          #1
          _object
            e3
          : _no_type
          D
          f
          (
          #1
          _int
            1
          : _no_type
          #1
          _int
            2
          : _no_type
          #1
          _int
            3
          : _no_type
          )
        : _no_type
        #1
        _dispatch
          #1
          _object
            x
          : _no_type
          f
          (
          )
        : _no_type
        #1
        _dispatch
          #1
          _object
            y
          : _no_type
          g
          (
          #1
          _bool
            1
          : _no_type
          #1
          _bool
            0
          : _no_type
          )
        : _no_type
        #1
        _dispatch
          #1
          _object
            z
          : _no_type
          h
          (
          #1
          _int
            1
          : _no_type
          #1
          _int
            2
          : _no_type
          #1
          _int
            3
          : _no_type
          #1
          _int
            4
          : _no_type
          )
        : _no_type
      : _no_type
    )
