#1
_program
  #1
  _class
    A
    Object
    "./testsuite/parser/nestedblocks.test"
    (
    #1
    _method
      f
      Int
      #1
      _block
        #1
        _block
          #1
          _int
            1
          : _no_type
          #1
          _block
            #1
            _int
              2
            : _no_type
            #1
            _int
              3
            : _no_type
          : _no_type
        : _no_type
        #1
        _block
          #1
          _block
            #1
            _block
              #1
              _int
                4
              : _no_type
            : _no_type
          : _no_type
        : _no_type
      : _no_type
    )
