#1
_program
  #1
  _class
    A
    Object
    "./testsuite/parser/nestedlet.test"
    (
    #1
    _method
      f
      #1
      _formal
        x
        Int
      Object
      #1
      _let
        x
        Int
        #1
        _int
          3
        : _no_type
        #1
        _let
          y
          Bool
          #1
          _no_expr
          : _no_type
          #1
          _let
            z
            Object
            #1
            _no_expr
            : _no_type
            #1
            _let
              a
              Object
              #1
              _no_expr
              : _no_type
              #1
              _let
                b
                Object
                #1
                _no_expr
                : _no_type
                #1
                _let
                  c
                  Object
                  #1
                  _no_expr
                  : _no_type
                  #1
                  _let
                    d
                    Int
                    #1
                    _int
                      6
                    : _no_type
                    #1
                    _plus
                      #1
                      _object
                        d
                      : _no_type
                      #1
                      _int
                        5
                      : _no_type
                    : _no_type
                  : _no_type
                : _no_type
              : _no_type
            : _no_type
          : _no_type
        : _no_type
      : _no_type
    )
