#1
_program
  #1
  _class
    Test
    Object
    "./testsuite/parser/staticdispatchnoargs.test"
    (
    #1
    _attr
      foo
      Int
      #1
      _no_expr
      : _no_type
    #1
    _method
      bar
      Object
      #1
      _static_dispatch
        #1
        _object
          self
        : _no_type
        Test
        bar
        (
        )
      : _no_type
    )
