"./testsuite/parser/while.test", line 8: syntax error at or near LOOP
"./testsuite/parser/while.test", line 9: syntax error at or near POOL
Compilation halted due to lex and parse errors
