#1
_program
  #1
  _class
    Test
    Object
    "./testsuite/parser/whileexpressionblock.test"
    (
    #1
    _attr
      foo
      Test
      #1
      _no_expr
      : _no_type
    #1
    _method
      bar
      Int
      #1
      _loop
        #1
        _comp
          #1
          _bool
            0
          : _no_type
        : _no_type
        #1
        _block
          #1
          _int
            1
          : _no_type
          #1
          _int
            2
          : _no_type
          #1
          _int
            3
          : _no_type
          #1
          _int
            4
          : _no_type
          #1
          _int
            5
          : _no_type
        : _no_type
      : _no_type
    )
